
======================================================================
  2026 FIFA World Cup — Tournament Forecast
  Model: VaR/CVaR noise; static, unverified scenario inputs
  Simulations: 16  |  Seed: 2026
======================================================================

  Team                    R32%  R16%   QF%   SF% Final%  Win%
  ----------------------------------------------------------
   1. Portugal             93.8  75.0  43.8  31.2   18.8  18.8%  ████████████
   2. Brazil               93.8  75.0  50.0  25.0   18.8  12.5%  ████████
   3. Germany             100.0  75.0  50.0  31.2   18.8  12.5%  ████████
   4. France               93.8  50.0  43.8  37.5   25.0  12.5%  ████████
   5. England              87.5  75.0  56.2  37.5   25.0  12.5%  ████████
   6. Belgium              93.8  68.8  31.2  25.0   12.5   6.2%  ████
   7. Spain               100.0  62.5  37.5  25.0   18.8   6.2%  ████
   8. Argentina            93.8  62.5  25.0   6.2    6.2   6.2%  ████
   9. Austria              87.5  56.2  31.2  25.0   18.8   6.2%  ████
  10. Croatia             100.0  75.0  50.0  18.8    6.2   6.2%  ████
  11. Mexico               93.8  43.8  12.5   0.0    0.0   0.0%
  12. South Africa         31.2  18.8   0.0   0.0    0.0   0.0%
  13. South Korea          87.5  37.5  31.2  12.5    6.2   0.0%
  14. Czech Republic       43.8   6.2   0.0   0.0    0.0   0.0%
  15. Canada               87.5  56.2  31.2   6.2    0.0   0.0%
  16. Bosnia               25.0  12.5   6.2   6.2    0.0   0.0%
  17. Qatar                25.0   6.2   6.2   0.0    0.0   0.0%
  18. Switzerland         100.0  43.8  25.0  12.5    6.2   0.0%
  19. Morocco             100.0  50.0  25.0  12.5    0.0   0.0%
  20. Haiti                18.8   6.2   0.0   0.0    0.0   0.0%

  ► Predicted champion: Portugal
  Static scenario only; not a live forecast or validated accuracy.
======================================================================
